// Jest Snapshot v1, https://goo.gl/fbAQLP

exports[`matches snapshot 1`] = `
<DocumentFragment>
  .c2 {
  display: inline-block;
  padding: 0.3em 1em;
  -webkit-text-decoration: none;
  text-decoration: none;
  font-size: 12px;
  color: #67c5ff;
  border: solid 2px #67c5ff;
  border-radius: 3px;
  -webkit-transition: .4s;
  transition: .4s;
}

.c2:hover {
  background: #67c5ff;
  color: white;
}

.c0 {
  font-family: Futura;
  height: 100vh;
}

.c1 {
  position: absolute;
  bottom: 0;
  left: 0;
  right: 0;
  margin: auto;
  text-align: center;
  padding: 12px;
  box-sizing: border-box;
  background: #fff;
}

<div
    class="c0"
  >
    <p>
      this is a dummy content in wrapper
    </p>
    <div
      class="c1"
    >
      <button
        class="c2"
        color="#67c5ff"
      >
        Change Color Mode!
      </button>
    </div>
  </div>
</DocumentFragment>
`;
